// Jest Snapshot v1, https://goo.gl/fbAQLP

exports[`404 page renders correctly 1`] = `
<div>
  <h1
    className="white"
    style={
      Object {
        "fontSize": "4em",
        "margin": "auto",
        "textAlign": "center",
      }
    }
  >
     
    Page not found!
    <br />
    Click 
    <a
      href="/"
      onClick={[Function]}
    >
      here 
    </a>
    to go back home! 
  </h1>
</div>
`;
